
> react-kavia@0.1.0 start
> cross-env EDIT_MODE=true webpack serve --config .ve/webpack.config.js --mode development

<i> [webpack-dev-server] Project is running at:
<i> [webpack-dev-server] Loopback: http://localhost:3000/, http://[::1]:3000/
<i> [webpack-dev-server] On Your Network (IPv4): http://172.17.0.2:3000/
<i> [webpack-dev-server] Content not from webpack is served from './public' directory
Injecting EditorRootWrapper import: ../.ve/EditorRootWrapper
asset bundle.js 1.42 MiB [emitted] (name: main)
asset index.html 1.98 KiB [emitted]
runtime modules 27.5 KiB 14 modules
modules by path ./node_modules/ 1.24 MiB 31 modules
modules by path ./src/ 29.6 KiB
  modules by path ./src/*.js 17.5 KiB 5 modules
  modules by path ./src/*.css 12 KiB
    ./src/index.css 2.23 KiB [built] [code generated]
    + 3 modules
modules by path ./.ve/ 15.1 KiB
  modules by path ./.ve/*.js 10.6 KiB 2 modules
  modules by path ./.ve/*.css 2.93 KiB
    ./.ve/EditorOverlay.css 2.25 KiB [built] [code generated]
    ./node_modules/css-loader/dist/cjs.js!./.ve/EditorOverlay.css 697 bytes [built] [code generated]
  ./.ve/EditorOverlay.jsx 1.58 KiB [built] [code generated]
webpack 5.99.9 compiled successfully in 1337 ms
assets by status 1.98 KiB [cached] 1 asset
assets by path *.js 1.43 MiB
  asset bundle.js 1.42 MiB [emitted] (name: main)
  asset main.5b6c0f4a45731e816906.hot-update.js 9.66 KiB [emitted] [immutable] [hmr] (name: main)
asset main.5b6c0f4a45731e816906.hot-update.json 28 bytes [emitted] [immutable] [hmr]
Entrypoint main 1.43 MiB = bundle.js 1.42 MiB main.5b6c0f4a45731e816906.hot-update.js 9.66 KiB
cached modules 1.28 MiB [cached] 44 modules
runtime modules 27.5 KiB 14 modules
./node_modules/css-loader/dist/cjs.js!./src/App.css 6.99 KiB [built] [code generated]
webpack 5.99.9 compiled successfully in 74 ms
assets by status 1.98 KiB [cached] 1 asset
assets by path *.js 1.43 MiB
  asset bundle.js 1.42 MiB [emitted] (name: main)
  asset main.d6bae7b8c9b323d77000.hot-update.js 9.72 KiB [emitted] [immutable] [hmr] (name: main)
asset main.d6bae7b8c9b323d77000.hot-update.json 28 bytes [emitted] [immutable] [hmr]
Entrypoint main 1.43 MiB = bundle.js 1.42 MiB main.d6bae7b8c9b323d77000.hot-update.js 9.72 KiB
cached modules 1.28 MiB [cached] 44 modules
runtime modules 27.5 KiB 14 modules
./node_modules/css-loader/dist/cjs.js!./src/App.css 7.04 KiB [built] [code generated]
webpack 5.99.9 compiled successfully in 41 ms
assets by status 1.98 KiB [cached] 1 asset
assets by path *.js 1.43 MiB
  asset bundle.js 1.42 MiB [emitted] (name: main)
  asset main.18ef12d05c6b518cac36.hot-update.js 10 KiB [emitted] [immutable] [hmr] (name: main)
asset main.18ef12d05c6b518cac36.hot-update.json 28 bytes [emitted] [immutable] [hmr]
Entrypoint main 1.43 MiB = bundle.js 1.42 MiB main.18ef12d05c6b518cac36.hot-update.js 10 KiB
cached modules 1.28 MiB [cached] 44 modules
runtime modules 27.5 KiB 14 modules
./node_modules/css-loader/dist/cjs.js!./src/App.css 7.35 KiB [built] [code generated]
webpack 5.99.9 compiled successfully in 46 ms
assets by status 1.98 KiB [cached] 1 asset
assets by path *.js 1.43 MiB
  asset bundle.js 1.42 MiB [emitted] (name: main)
  asset main.6bd9e8f0bb832c01d484.hot-update.js 10.1 KiB [emitted] [immutable] [hmr] (name: main)
asset main.6bd9e8f0bb832c01d484.hot-update.json 28 bytes [emitted] [immutable] [hmr]
Entrypoint main 1.43 MiB = bundle.js 1.42 MiB main.6bd9e8f0bb832c01d484.hot-update.js 10.1 KiB
cached modules 1.28 MiB [cached] 44 modules
runtime modules 27.5 KiB 14 modules
./node_modules/css-loader/dist/cjs.js!./src/App.css 7.44 KiB [built] [code generated]
webpack 5.99.9 compiled successfully in 32 ms
assets by status 1.98 KiB [cached] 1 asset
assets by path *.js 1.43 MiB
  asset bundle.js 1.42 MiB [emitted] (name: main)
  asset main.1a54eab0311cbbefac2e.hot-update.js 10.4 KiB [emitted] [immutable] [hmr] (name: main)
asset main.1a54eab0311cbbefac2e.hot-update.json 28 bytes [emitted] [immutable] [hmr]
Entrypoint main 1.43 MiB = bundle.js 1.42 MiB main.1a54eab0311cbbefac2e.hot-update.js 10.4 KiB
cached modules 1.28 MiB [cached] 44 modules
runtime modules 27.5 KiB 14 modules
./node_modules/css-loader/dist/cjs.js!./src/App.css 7.69 KiB [built] [code generated]
webpack 5.99.9 compiled successfully in 44 ms
assets by status 1.98 KiB [cached] 1 asset
assets by path *.js 1.43 MiB
  asset bundle.js 1.42 MiB [emitted] (name: main)
  asset main.8be859cd9e11329f6ad6.hot-update.js 10.5 KiB [emitted] [immutable] [hmr] (name: main)
asset main.8be859cd9e11329f6ad6.hot-update.json 28 bytes [emitted] [immutable] [hmr]
Entrypoint main 1.43 MiB = bundle.js 1.42 MiB main.8be859cd9e11329f6ad6.hot-update.js 10.5 KiB
cached modules 1.28 MiB [cached] 44 modules
runtime modules 27.5 KiB 14 modules
./node_modules/css-loader/dist/cjs.js!./src/App.css 7.79 KiB [built] [code generated]
webpack 5.99.9 compiled successfully in 31 ms
assets by status 1.98 KiB [cached] 1 asset
assets by path *.js 1.43 MiB
  asset bundle.js 1.42 MiB [emitted] (name: main)
  asset main.0a877cd40a22cfb50abb.hot-update.js 10.6 KiB [emitted] [immutable] [hmr] (name: main)
asset main.0a877cd40a22cfb50abb.hot-update.json 28 bytes [emitted] [immutable] [hmr]
Entrypoint main 1.43 MiB = bundle.js 1.42 MiB main.0a877cd40a22cfb50abb.hot-update.js 10.6 KiB
cached modules 1.28 MiB [cached] 44 modules
runtime modules 27.5 KiB 14 modules
./node_modules/css-loader/dist/cjs.js!./src/App.css 7.86 KiB [built] [code generated]
webpack 5.99.9 compiled successfully in 33 ms
assets by status 1.98 KiB [cached] 1 asset
assets by path *.js 1.43 MiB
  asset bundle.js 1.42 MiB [emitted] (name: main)
  asset main.4a6a6f7a2c73c807b828.hot-update.js 11.4 KiB [emitted] [immutable] [hmr] (name: main)
asset main.4a6a6f7a2c73c807b828.hot-update.json 28 bytes [emitted] [immutable] [hmr]
Entrypoint main 1.43 MiB = bundle.js 1.42 MiB main.4a6a6f7a2c73c807b828.hot-update.js 11.4 KiB
cached modules 1.28 MiB [cached] 44 modules
runtime modules 27.5 KiB 14 modules
./node_modules/css-loader/dist/cjs.js!./src/App.css 8.6 KiB [built] [code generated]
webpack 5.99.9 compiled successfully in 31 ms
assets by status 1.98 KiB [cached] 1 asset
assets by path *.js 1.41 MiB
  asset bundle.js 1.41 MiB [emitted] (name: main)
  asset main.548a73c535d6c2bdb045.hot-update.js 1.87 KiB [emitted] [immutable] [hmr] (name: main)
asset main.548a73c535d6c2bdb045.hot-update.json 28 bytes [emitted] [immutable] [hmr]
Entrypoint main 1.41 MiB = bundle.js 1.41 MiB main.548a73c535d6c2bdb045.hot-update.js 1.87 KiB
cached modules 1.27 MiB [cached] 43 modules
runtime modules 27.5 KiB 14 modules
javascript modules 2.26 KiB
  ./src/App.css 2.22 KiB [code generated]
  ./node_modules/css-loader/dist/cjs.js!./src/App.css 39 bytes [built] [code generated] [1 error]

ERROR in ./src/App.css (./node_modules/css-loader/dist/cjs.js!./src/App.css)
Module build failed (from ./node_modules/css-loader/dist/cjs.js):

SyntaxError

(14647:2) /home/kavia/workspace/code-generation/reactimagegallery-67220-0f37cd2f/gallery_frontend_workspace/gallery_frontend/src/App.css At-rule without name

  14645 | .lightbox-prev-btn, .lightbox-next-btn, .lightbox-close-btn {
  14646 |   transition: background 0.22s, color 0.15s, box-shadow 0.15s, border-color 0.19s, outline 0.18s, transform 0.14s;
> 14647 | }@/* Button focus style for accessibility */
        |  ^
  14648 | .btn:focus-visible, .filter-btn:focus-visible, .image-thumb:focus-visible {
  14649 |   outline: 2.2px solid var(--primary);
 @ ./src/App.css 8:6-97 20:17-24 24:7-21 50:25-39 51:36-47 51:50-64 55:6-65:7 56:54-65 56:68-82 62:42-53 62:56-70 64:21-28 75:0-67 75:0-67 76:22-29 76:33-47 76:50-64 53:4-66:5
 @ ./src/App.js 2:0-19
 @ ./src/index.js 5:0-24 11:32-35

webpack 5.99.9 compiled with 1 error in 136 ms
assets by status 1.98 KiB [cached] 1 asset
assets by path *.js 9.07 MiB
  asset bundle.js 5.24 MiB [emitted] (name: main)
  asset main.cd4e97b8f85707e8093e.hot-update.js 3.83 MiB [emitted] [immutable] [hmr] (name: main)
asset main.cd4e97b8f85707e8093e.hot-update.json 28 bytes [emitted] [immutable] [hmr]
Entrypoint main 9.07 MiB = bundle.js 5.24 MiB main.cd4e97b8f85707e8093e.hot-update.js 3.83 MiB
cached modules 1.27 MiB [cached] 43 modules
runtime modules 27.5 KiB 14 modules
javascript modules 3.75 MiB
  ./src/App.css 2.22 KiB [code generated]
  ./node_modules/css-loader/dist/cjs.js!./src/App.css 3.75 MiB [built] [code generated]
webpack 5.99.9 compiled successfully in 1192 ms
assets by status 1.98 KiB [cached] 1 asset
assets by path *.js 12.1 MiB
  asset bundle.js 6.74 MiB [emitted] (name: main)
  asset main.df8325f219a5eac5ab32.hot-update.js 5.34 MiB [emitted] [immutable] [hmr] (name: main)
asset main.df8325f219a5eac5ab32.hot-update.json 28 bytes [emitted] [immutable] [hmr]
Entrypoint main 12.1 MiB = bundle.js 6.74 MiB main.df8325f219a5eac5ab32.hot-update.js 5.34 MiB
cached modules 1.28 MiB [cached] 44 modules
runtime modules 27.5 KiB 14 modules
./node_modules/css-loader/dist/cjs.js!./src/App.css 5.19 MiB [built] [code generated]
webpack 5.99.9 compiled successfully in 1744 ms
assets by status 1.98 KiB [cached] 1 asset
assets by path *.js 11.7 MiB
  asset bundle.js 6.55 MiB [emitted] (name: main)
  asset main.f8165dbb3c53fb536b13.hot-update.js 5.15 MiB [emitted] [immutable] [hmr] (name: main)
asset main.f8165dbb3c53fb536b13.hot-update.json 28 bytes [emitted] [immutable] [hmr]
Entrypoint main 11.7 MiB = bundle.js 6.55 MiB main.f8165dbb3c53fb536b13.hot-update.js 5.15 MiB
cached modules 1.28 MiB [cached] 44 modules
runtime modules 27.5 KiB 14 modules
./node_modules/css-loader/dist/cjs.js!./src/App.css 5 MiB [built] [code generated]
webpack 5.99.9 compiled successfully in 1789 ms
assets by status 1.98 KiB [cached] 1 asset
assets by path *.js 7.36 MiB
  asset bundle.js 4.38 MiB [emitted] (name: main)
  asset main.a232162e2aa1398acbe7.hot-update.js 2.98 MiB [emitted] [immutable] [hmr] (name: main)
asset main.a232162e2aa1398acbe7.hot-update.json 28 bytes [emitted] [immutable] [hmr]
Entrypoint main 7.36 MiB = bundle.js 4.38 MiB main.a232162e2aa1398acbe7.hot-update.js 2.98 MiB
cached modules 1.28 MiB [cached] 44 modules
runtime modules 27.5 KiB 14 modules
./node_modules/css-loader/dist/cjs.js!./src/App.css 2.92 MiB [built] [code generated]
webpack 5.99.9 compiled successfully in 889 ms
assets by status 1.98 KiB [cached] 1 asset
assets by path *.js 1.43 MiB
  asset bundle.js 1.42 MiB [emitted] (name: main)
  asset main.ea604961b2a7175dd2b1.hot-update.js 11.8 KiB [emitted] [immutable] [hmr] (name: main)
asset main.ea604961b2a7175dd2b1.hot-update.json 28 bytes [emitted] [immutable] [hmr]
Entrypoint main 1.43 MiB = bundle.js 1.42 MiB main.ea604961b2a7175dd2b1.hot-update.js 11.8 KiB
cached modules 1.28 MiB [cached] 44 modules
runtime modules 27.5 KiB 14 modules
./node_modules/css-loader/dist/cjs.js!./src/App.css 9 KiB [built] [code generated]
webpack 5.99.9 compiled successfully in 52 ms
